// Jest Snapshot v1, https://goo.gl/fbAQLP

exports[`screen: Home/Blocks/Mobile matches snapshot 1`] = `
<div
  className=""
>
  <div
    hash="76nwV8zz8tLz9...F66jZhQ857"
    height={
      <Link
        href="/blocks/4000"
        passHref={true}
      >
        <WithStyles(ForwardRef(Typography))
          className="value"
          component="a"
          variant="body1"
        >
          4,000
        </WithStyles(ForwardRef(Typography))>
      </Link>
    }
    id="SingleBlockMobile"
    time="1 day ago"
    txs="12"
  />
</div>
`;
